Archive member included to satisfy reference by file (symbol)

/home/joana/gcc-arm-none-eabi-10.3-2021.10/bin/../lib/gcc/arm-none-eabi/10.3.1/../../../../arm-none-eabi/lib/thumb/v7-m/nofp/libg_nano.a(lib_a-itoa.o)
                              gcc/main.o (itoa)
/home/joana/gcc-arm-none-eabi-10.3-2021.10/bin/../lib/gcc/arm-none-eabi/10.3.1/../../../../arm-none-eabi/lib/thumb/v7-m/nofp/libg_nano.a(lib_a-memset.o)
                              gcc/lcd.o (memset)
/home/joana/gcc-arm-none-eabi-10.3-2021.10/bin/../lib/gcc/arm-none-eabi/10.3.1/../../../../arm-none-eabi/lib/thumb/v7-m/nofp/libg_nano.a(lib_a-strlen.o)
                              gcc/main.o (strlen)
/home/joana/gcc-arm-none-eabi-10.3-2021.10/bin/../lib/gcc/arm-none-eabi/10.3.1/../../../../arm-none-eabi/lib/thumb/v7-m/nofp/libg_nano.a(lib_a-utoa.o)
                              /home/joana/gcc-arm-none-eabi-10.3-2021.10/bin/../lib/gcc/arm-none-eabi/10.3.1/../../../../arm-none-eabi/lib/thumb/v7-m/nofp/libg_nano.a(lib_a-itoa.o) (__utoa)

Discarded input sections

 .text          0x0000000000000000        0x0 gcc/pwm.o
 .data          0x0000000000000000        0x0 gcc/pwm.o
 .bss           0x0000000000000000        0x0 gcc/pwm.o
 .rodata.GPIOA  0x0000000000000000        0x4 gcc/pwm.o
 .rodata.GPIOB  0x0000000000000000        0x4 gcc/pwm.o
 .rodata.GPIOC  0x0000000000000000        0x4 gcc/pwm.o
 .rodata.GPIOD  0x0000000000000000        0x4 gcc/pwm.o
 .rodata.GPIOE  0x0000000000000000        0x4 gcc/pwm.o
 .rodata.GPIOF  0x0000000000000000        0x4 gcc/pwm.o
 .rodata.GPIO_MODE_DISABLE
                0x0000000000000000        0x4 gcc/pwm.o
 .rodata.GPIO_MODE_INPUT
                0x0000000000000000        0x4 gcc/pwm.o
 .rodata.GPIO_MODE_INPUTPULL
                0x0000000000000000        0x4 gcc/pwm.o
 .rodata.GPIO_MODE_INPUTPULLFILTER
                0x0000000000000000        0x4 gcc/pwm.o
 .rodata.GPIO_MODE_PUSHPULL
                0x0000000000000000        0x4 gcc/pwm.o
 .rodata.GPIO_MODE_PUSHPULLDRIVE
                0x0000000000000000        0x4 gcc/pwm.o
 .rodata.GPIO_MODE_WIREDOR
                0x0000000000000000        0x4 gcc/pwm.o
 .rodata.GPIO_MODE_WIREDORPULLDOWN
                0x0000000000000000        0x4 gcc/pwm.o
 .rodata.GPIO_MODE_WIREDAND
                0x0000000000000000        0x4 gcc/pwm.o
 .rodata.GPIO_MODE_WIREDANDFILTER
                0x0000000000000000        0x4 gcc/pwm.o
 .rodata.GPIO_MODE_WIREDANDPULLUP
                0x0000000000000000        0x4 gcc/pwm.o
 .rodata.GPIO_MODE_WIREDANDPULLUPFILTER
                0x0000000000000000        0x4 gcc/pwm.o
 .rodata.GPIO_MODE_WIREDANDDRIVE
                0x0000000000000000        0x4 gcc/pwm.o
 .rodata.GPIO_MODE_WIREDANDDRIVEFILTER
                0x0000000000000000        0x4 gcc/pwm.o
 .rodata.GPIO_MODE_WIREDANDDRIVEPULLUP
                0x0000000000000000        0x4 gcc/pwm.o
 .rodata.GPIO_MODE_WIREDANDDRIVEPULLUPFILTER
                0x0000000000000000        0x4 gcc/pwm.o
 .text.PWM_Read
                0x0000000000000000       0x26 gcc/pwm.o
 .text          0x0000000000000000        0x0 gcc/buffer.o
 .data          0x0000000000000000        0x0 gcc/buffer.o
 .bss           0x0000000000000000        0x0 gcc/buffer.o
 .text.buffer_init
                0x0000000000000000       0x38 gcc/buffer.o
 .text.buffer_deinit
                0x0000000000000000       0x2a gcc/buffer.o
 .text.buffer_clear
                0x0000000000000000       0x2a gcc/buffer.o
 .text          0x0000000000000000        0x0 gcc/clock_efm32gg2.o
 .data          0x0000000000000000        0x0 gcc/clock_efm32gg2.o
 .bss           0x0000000000000000        0x0 gcc/clock_efm32gg2.o
 .text.ClockRegisterCallback
                0x0000000000000000       0xc0 gcc/clock_efm32gg2.o
 .text.ClockSetPrescalers
                0x0000000000000000      0x11c gcc/clock_efm32gg2.o
 .text.ClockSetLFCLKA
                0x0000000000000000      0x12c gcc/clock_efm32gg2.o
 .text.ClockSetLFCLKB
                0x0000000000000000      0x12c gcc/clock_efm32gg2.o
 .text.ClockGetPeripheralClockFrequency
                0x0000000000000000       0x18 gcc/clock_efm32gg2.o
 .text          0x0000000000000000        0x0 gcc/main.o
 .data          0x0000000000000000        0x0 gcc/main.o
 .bss           0x0000000000000000        0x0 gcc/main.o
 .rodata.GPIOA  0x0000000000000000        0x4 gcc/main.o
 .rodata.GPIOB  0x0000000000000000        0x4 gcc/main.o
 .rodata.GPIOC  0x0000000000000000        0x4 gcc/main.o
 .rodata.GPIOD  0x0000000000000000        0x4 gcc/main.o
 .rodata.GPIOE  0x0000000000000000        0x4 gcc/main.o
 .rodata.GPIOF  0x0000000000000000        0x4 gcc/main.o
 .rodata.GPIO_MODE_DISABLE
                0x0000000000000000        0x4 gcc/main.o
 .rodata.GPIO_MODE_INPUT
                0x0000000000000000        0x4 gcc/main.o
 .rodata.GPIO_MODE_INPUTPULL
                0x0000000000000000        0x4 gcc/main.o
 .rodata.GPIO_MODE_INPUTPULLFILTER
                0x0000000000000000        0x4 gcc/main.o
 .rodata.GPIO_MODE_PUSHPULL
                0x0000000000000000        0x4 gcc/main.o
 .rodata.GPIO_MODE_PUSHPULLDRIVE
                0x0000000000000000        0x4 gcc/main.o
 .rodata.GPIO_MODE_WIREDOR
                0x0000000000000000        0x4 gcc/main.o
 .rodata.GPIO_MODE_WIREDORPULLDOWN
                0x0000000000000000        0x4 gcc/main.o
 .rodata.GPIO_MODE_WIREDAND
                0x0000000000000000        0x4 gcc/main.o
 .rodata.GPIO_MODE_WIREDANDFILTER
                0x0000000000000000        0x4 gcc/main.o
 .rodata.GPIO_MODE_WIREDANDPULLUP
                0x0000000000000000        0x4 gcc/main.o
 .rodata.GPIO_MODE_WIREDANDPULLUPFILTER
                0x0000000000000000        0x4 gcc/main.o
 .rodata.GPIO_MODE_WIREDANDDRIVE
                0x0000000000000000        0x4 gcc/main.o
 .rodata.GPIO_MODE_WIREDANDDRIVEFILTER
                0x0000000000000000        0x4 gcc/main.o
 .rodata.GPIO_MODE_WIREDANDDRIVEPULLUP
                0x0000000000000000        0x4 gcc/main.o
 .rodata.GPIO_MODE_WIREDANDDRIVEPULLUPFILTER
                0x0000000000000000        0x4 gcc/main.o
 .bss.adc2      0x0000000000000000       0x32 gcc/main.o
 .text          0x0000000000000000        0x0 gcc/button.o
 .data          0x0000000000000000        0x0 gcc/button.o
 .bss           0x0000000000000000        0x0 gcc/button.o
 .rodata.GPIOB  0x0000000000000000        0x4 gcc/button.o
 .bss.lastread  0x0000000000000000        0x4 gcc/button.o
 .bss.inputpins
                0x0000000000000000        0x4 gcc/button.o
 .text.Button_Init
                0x0000000000000000       0xa0 gcc/button.o
 .text.Button_Read
                0x0000000000000000       0x2c gcc/button.o
 .text.Button_ReadChanges
                0x0000000000000000       0x3c gcc/button.o
 .text.Button_ReadReleased
                0x0000000000000000       0x3c gcc/button.o
 .text.Button_ReadPressed
                0x0000000000000000       0x3c gcc/button.o
 .debug_info    0x0000000000000000      0x54d gcc/button.o
 .debug_abbrev  0x0000000000000000      0x13a gcc/button.o
 .debug_aranges
                0x0000000000000000       0x40 gcc/button.o
 .debug_ranges  0x0000000000000000       0x30 gcc/button.o
 .debug_line    0x0000000000000000      0x21c gcc/button.o
 .debug_str     0x0000000000000000      0x374 gcc/button.o
 .comment       0x0000000000000000       0x4a gcc/button.o
 .debug_frame   0x0000000000000000       0xd0 gcc/button.o
 .ARM.attributes
                0x0000000000000000       0x2d gcc/button.o
 .text          0x0000000000000000        0x0 gcc/startup_efm32gg.o
 .data          0x0000000000000000        0x0 gcc/startup_efm32gg.o
 .bss           0x0000000000000000        0x0 gcc/startup_efm32gg.o
 .text.SystemInit
                0x0000000000000000        0xc gcc/startup_efm32gg.o
 .text          0x0000000000000000        0x0 gcc/lcd.o
 .data          0x0000000000000000        0x0 gcc/lcd.o
 .bss           0x0000000000000000        0x0 gcc/lcd.o
 .rodata.tablcdspecial
                0x0000000000000000       0x44 gcc/lcd.o
 .text.LCD_WriteAlphanumericDisplay
                0x0000000000000000       0x4e gcc/lcd.o
 .text.LCD_WriteNumericDisplay
                0x0000000000000000       0x4e gcc/lcd.o
 .text.LCD_WriteSegmentMask
                0x0000000000000000       0x9c gcc/lcd.o
 .text.LCD_WriteSegment2
                0x0000000000000000       0x48 gcc/lcd.o
 .text.LCD_WriteSegment
                0x0000000000000000       0x3c gcc/lcd.o
 .text.LCD_WriteSpecial
                0x0000000000000000      0x25c gcc/lcd.o
 .text.LCD_Freeze
                0x0000000000000000       0x1c gcc/lcd.o
 .text.LCD_Unfreeze
                0x0000000000000000       0x1c gcc/lcd.o
 .text          0x0000000000000000        0x0 gcc/uart.o
 .data          0x0000000000000000        0x0 gcc/uart.o
 .bss           0x0000000000000000        0x0 gcc/uart.o
 .text.NVIC_EnableIRQ
                0x0000000000000000       0x30 gcc/uart.o
 .text.NVIC_ClearPendingIRQ
                0x0000000000000000       0x34 gcc/uart.o
 .text.NVIC_SetPriority
                0x0000000000000000       0x54 gcc/uart.o
 .rodata.BAUD   0x0000000000000000        0x4 gcc/uart.o
 .rodata.OVERSAMPLING
                0x0000000000000000        0x4 gcc/uart.o
 .rodata.GPIOE  0x0000000000000000        0x4 gcc/uart.o
 .rodata.GPIOF  0x0000000000000000        0x4 gcc/uart.o
 .bss.inputbufferarea
                0x0000000000000000       0x74 gcc/uart.o
 .bss.outputbufferarea
                0x0000000000000000       0x74 gcc/uart.o
 .text.UART_Reset
                0x0000000000000000       0x6c gcc/uart.o
 .text.UART_Init
                0x0000000000000000      0x178 gcc/uart.o
 .text.UART_GetStatus
                0x0000000000000000       0x1c gcc/uart.o
 .text.UART_SendChar
                0x0000000000000000       0x50 gcc/uart.o
 .text.UART_SendString
                0x0000000000000000       0x2a gcc/uart.o
 .text.UART_GetCharNoWait
                0x0000000000000000       0x38 gcc/uart.o
 .text.UART_GetChar
                0x0000000000000000       0x34 gcc/uart.o
 .text.UART_EnableInterrupts
                0x0000000000000000       0x44 gcc/uart.o
 .text.UART_DisableInterrupts
                0x0000000000000000       0x44 gcc/uart.o
 .text.UART_PutCharPolling
                0x0000000000000000       0x2c gcc/uart.o
 .text.UART_Flush
                0x0000000000000000       0x6c gcc/uart.o
 .text          0x0000000000000000        0x0 gcc/led.o
 .data          0x0000000000000000        0x0 gcc/led.o
 .bss           0x0000000000000000        0x0 gcc/led.o
 .rodata.GPIOE  0x0000000000000000        0x4 gcc/led.o
 .text.LED_Init
                0x0000000000000000       0x7c gcc/led.o
 .text.LED_On   0x0000000000000000       0x24 gcc/led.o
 .text.LED_Off  0x0000000000000000       0x24 gcc/led.o
 .text.LED_Write
                0x0000000000000000       0x2c gcc/led.o
 .text          0x0000000000000000        0x0 gcc/gpio.o
 .data          0x0000000000000000        0x0 gcc/gpio.o
 .bss           0x0000000000000000        0x0 gcc/gpio.o
 .rodata.GPIOA  0x0000000000000000        0x4 gcc/gpio.o
 .rodata.GPIOB  0x0000000000000000        0x4 gcc/gpio.o
 .rodata.GPIOC  0x0000000000000000        0x4 gcc/gpio.o
 .rodata.GPIOD  0x0000000000000000        0x4 gcc/gpio.o
 .rodata.GPIOE  0x0000000000000000        0x4 gcc/gpio.o
 .rodata.GPIOF  0x0000000000000000        0x4 gcc/gpio.o
 .rodata.GPIO_MODE_DISABLE
                0x0000000000000000        0x4 gcc/gpio.o
 .rodata.GPIO_MODE_INPUT
                0x0000000000000000        0x4 gcc/gpio.o
 .rodata.GPIO_MODE_INPUTPULL
                0x0000000000000000        0x4 gcc/gpio.o
 .rodata.GPIO_MODE_INPUTPULLFILTER
                0x0000000000000000        0x4 gcc/gpio.o
 .rodata.GPIO_MODE_PUSHPULL
                0x0000000000000000        0x4 gcc/gpio.o
 .rodata.GPIO_MODE_PUSHPULLDRIVE
                0x0000000000000000        0x4 gcc/gpio.o
 .rodata.GPIO_MODE_WIREDOR
                0x0000000000000000        0x4 gcc/gpio.o
 .rodata.GPIO_MODE_WIREDORPULLDOWN
                0x0000000000000000        0x4 gcc/gpio.o
 .rodata.GPIO_MODE_WIREDAND
                0x0000000000000000        0x4 gcc/gpio.o
 .rodata.GPIO_MODE_WIREDANDFILTER
                0x0000000000000000        0x4 gcc/gpio.o
 .rodata.GPIO_MODE_WIREDANDPULLUP
                0x0000000000000000        0x4 gcc/gpio.o
 .rodata.GPIO_MODE_WIREDANDPULLUPFILTER
                0x0000000000000000        0x4 gcc/gpio.o
 .rodata.GPIO_MODE_WIREDANDDRIVE
                0x0000000000000000        0x4 gcc/gpio.o
 .rodata.GPIO_MODE_WIREDANDDRIVEFILTER
                0x0000000000000000        0x4 gcc/gpio.o
 .rodata.GPIO_MODE_WIREDANDDRIVEPULLUP
                0x0000000000000000        0x4 gcc/gpio.o
 .rodata.GPIO_MODE_WIREDANDDRIVEPULLUPFILTER
                0x0000000000000000        0x4 gcc/gpio.o
 .text          0x0000000000000000        0x0 gcc/system_efm32gg.o
 .data          0x0000000000000000        0x0 gcc/system_efm32gg.o
 .bss           0x0000000000000000        0x0 gcc/system_efm32gg.o
 .text.SystemMaxCoreClockGet
                0x0000000000000000       0x14 gcc/system_efm32gg.o
 .text.SystemHFXOClockGet
                0x0000000000000000       0x14 gcc/system_efm32gg.o
 .text.SystemHFXOClockSet
                0x0000000000000000       0x30 gcc/system_efm32gg.o
 .text.SystemLFRCOClockGet
                0x0000000000000000       0x10 gcc/system_efm32gg.o
 .text.SystemULFRCOClockGet
                0x0000000000000000       0x10 gcc/system_efm32gg.o
 .text.SystemLFXOClockGet
                0x0000000000000000       0x14 gcc/system_efm32gg.o
 .text.SystemLFXOClockSet
                0x0000000000000000       0x30 gcc/system_efm32gg.o
 .text          0x0000000000000000        0x0 gcc/adc.o
 .data          0x0000000000000000        0x0 gcc/adc.o
 .bss           0x0000000000000000        0x0 gcc/adc.o
 .text          0x0000000000000000        0x0 /home/joana/gcc-arm-none-eabi-10.3-2021.10/bin/../lib/gcc/arm-none-eabi/10.3.1/../../../../arm-none-eabi/lib/thumb/v7-m/nofp/libg_nano.a(lib_a-itoa.o)
 .data          0x0000000000000000        0x0 /home/joana/gcc-arm-none-eabi-10.3-2021.10/bin/../lib/gcc/arm-none-eabi/10.3.1/../../../../arm-none-eabi/lib/thumb/v7-m/nofp/libg_nano.a(lib_a-itoa.o)
 .bss           0x0000000000000000        0x0 /home/joana/gcc-arm-none-eabi-10.3-2021.10/bin/../lib/gcc/arm-none-eabi/10.3.1/../../../../arm-none-eabi/lib/thumb/v7-m/nofp/libg_nano.a(lib_a-itoa.o)
 .text          0x0000000000000000        0x0 /home/joana/gcc-arm-none-eabi-10.3-2021.10/bin/../lib/gcc/arm-none-eabi/10.3.1/../../../../arm-none-eabi/lib/thumb/v7-m/nofp/libg_nano.a(lib_a-memset.o)
 .data          0x0000000000000000        0x0 /home/joana/gcc-arm-none-eabi-10.3-2021.10/bin/../lib/gcc/arm-none-eabi/10.3.1/../../../../arm-none-eabi/lib/thumb/v7-m/nofp/libg_nano.a(lib_a-memset.o)
 .bss           0x0000000000000000        0x0 /home/joana/gcc-arm-none-eabi-10.3-2021.10/bin/../lib/gcc/arm-none-eabi/10.3.1/../../../../arm-none-eabi/lib/thumb/v7-m/nofp/libg_nano.a(lib_a-memset.o)
 .data          0x0000000000000000        0x0 /home/joana/gcc-arm-none-eabi-10.3-2021.10/bin/../lib/gcc/arm-none-eabi/10.3.1/../../../../arm-none-eabi/lib/thumb/v7-m/nofp/libg_nano.a(lib_a-strlen.o)
 .bss           0x0000000000000000        0x0 /home/joana/gcc-arm-none-eabi-10.3-2021.10/bin/../lib/gcc/arm-none-eabi/10.3.1/../../../../arm-none-eabi/lib/thumb/v7-m/nofp/libg_nano.a(lib_a-strlen.o)
 .text          0x0000000000000000        0x0 /home/joana/gcc-arm-none-eabi-10.3-2021.10/bin/../lib/gcc/arm-none-eabi/10.3.1/../../../../arm-none-eabi/lib/thumb/v7-m/nofp/libg_nano.a(lib_a-utoa.o)
 .data          0x0000000000000000        0x0 /home/joana/gcc-arm-none-eabi-10.3-2021.10/bin/../lib/gcc/arm-none-eabi/10.3.1/../../../../arm-none-eabi/lib/thumb/v7-m/nofp/libg_nano.a(lib_a-utoa.o)
 .bss           0x0000000000000000        0x0 /home/joana/gcc-arm-none-eabi-10.3-2021.10/bin/../lib/gcc/arm-none-eabi/10.3.1/../../../../arm-none-eabi/lib/thumb/v7-m/nofp/libg_nano.a(lib_a-utoa.o)
 .text.utoa     0x0000000000000000        0x4 /home/joana/gcc-arm-none-eabi-10.3-2021.10/bin/../lib/gcc/arm-none-eabi/10.3.1/../../../../arm-none-eabi/lib/thumb/v7-m/nofp/libg_nano.a(lib_a-utoa.o)

Memory Configuration

Name             Origin             Length             Attributes
FLASH            0x0000000000000000 0x0000000000100000 xr
RAM              0x0000000020000000 0x0000000000020000 xrw
*default*        0x0000000000000000 0xffffffffffffffff

Linker script and memory map

LOAD gcc/pwm.o
LOAD gcc/buffer.o
LOAD gcc/clock_efm32gg2.o
LOAD gcc/main.o
LOAD gcc/button.o
LOAD gcc/startup_efm32gg.o
LOAD gcc/lcd.o
LOAD gcc/uart.o
LOAD gcc/led.o
LOAD gcc/gpio.o
LOAD gcc/system_efm32gg.o
LOAD gcc/adc.o
START GROUP
LOAD /home/joana/gcc-arm-none-eabi-10.3-2021.10/bin/../lib/gcc/arm-none-eabi/10.3.1/thumb/v7-m/nofp/libgcc.a
LOAD /home/joana/gcc-arm-none-eabi-10.3-2021.10/bin/../lib/gcc/arm-none-eabi/10.3.1/../../../../arm-none-eabi/lib/thumb/v7-m/nofp/libg_nano.a
LOAD /home/joana/gcc-arm-none-eabi-10.3-2021.10/bin/../lib/gcc/arm-none-eabi/10.3.1/../../../../arm-none-eabi/lib/thumb/v7-m/nofp/libc_nano.a
END GROUP
START GROUP
LOAD /home/joana/gcc-arm-none-eabi-10.3-2021.10/bin/../lib/gcc/arm-none-eabi/10.3.1/thumb/v7-m/nofp/libgcc.a
LOAD /home/joana/gcc-arm-none-eabi-10.3-2021.10/bin/../lib/gcc/arm-none-eabi/10.3.1/../../../../arm-none-eabi/lib/thumb/v7-m/nofp/libc_nano.a
END GROUP

.text           0x0000000000000000     0x2fe1
 *(.vectors)
 .vectors       0x0000000000000000       0xdc gcc/startup_efm32gg.o
                0x0000000000000000                __Vectors
                0x00000000000000dc                __Vectors_End = .
                0x00000000000000dc                __Vectors_Size = (__Vectors_End - __Vectors)
                0x00000000200001e0                __end__ = .
 *(.text*)
 .text.PWM_Start
                0x00000000000000dc       0x18 gcc/pwm.o
                0x00000000000000dc                PWM_Start
 .text.PWM_Stop
                0x00000000000000f4       0x18 gcc/pwm.o
                0x00000000000000f4                PWM_Stop
 .text.Timer_ClockEnable
                0x000000000000010c       0x94 gcc/pwm.o
 .text.PWM_ConfigureOutputPin
                0x00000000000001a0      0x13c gcc/pwm.o
 .text.PWM_Init
                0x00000000000002dc      0x214 gcc/pwm.o
                0x00000000000002dc                PWM_Init
 .text.finddivencoding
                0x00000000000004f0       0x32 gcc/pwm.o
 .text.PWM_Config
                0x0000000000000522       0x46 gcc/pwm.o
                0x0000000000000522                PWM_Config
 .text.PWM_Write
                0x0000000000000568       0x26 gcc/pwm.o
                0x0000000000000568                PWM_Write
 .text.buffer_insert
                0x000000000000058e       0x5e gcc/buffer.o
                0x000000000000058e                buffer_insert
 .text.buffer_remove
                0x00000000000005ec       0x56 gcc/buffer.o
                0x00000000000005ec                buffer_remove
 .text.SystemCoreClockUpdate
                0x0000000000000642        0xc gcc/clock_efm32gg2.o
 *fill*         0x000000000000064e        0x2 
 .text.GetProdRev
                0x0000000000000650       0x18 gcc/clock_efm32gg2.o
 .text.nearestpower2exp
                0x0000000000000668       0x6c gcc/clock_efm32gg2.o
 .text.ClockProcessPreChange
                0x00000000000006d4       0x6c gcc/clock_efm32gg2.o
                0x00000000000006d4                ClockProcessPreChange
 .text.ClockProcessPostChange
                0x0000000000000740       0x6c gcc/clock_efm32gg2.o
                0x0000000000000740                ClockProcessPostChange
 .text.ClockSetCoreClock
                0x00000000000007ac      0x304 gcc/clock_efm32gg2.o
                0x00000000000007ac                ClockSetCoreClock
 .text.ClockGetConfiguration
                0x0000000000000ab0      0x1c4 gcc/clock_efm32gg2.o
                0x0000000000000ab0                ClockGetConfiguration
 .text.ClockConfigureSystemForClockFrequency
                0x0000000000000c74       0x98 gcc/clock_efm32gg2.o
                0x0000000000000c74                ClockConfigureSystemForClockFrequency
 .text.ClockGetCoreClockFrequency
                0x0000000000000d0c       0x18 gcc/clock_efm32gg2.o
                0x0000000000000d0c                ClockGetCoreClockFrequency
 .text.NVIC_SetPriority
                0x0000000000000d24       0x54 gcc/main.o
 .text.SysTick_Config
                0x0000000000000d78       0x44 gcc/main.o
 .text.SysTick_Handler
                0x0000000000000dbc       0x3c gcc/main.o
                0x0000000000000dbc                SysTick_Handler
 .text.Delay    0x0000000000000df8       0x30 gcc/main.o
                0x0000000000000df8                Delay
 .text.andar    0x0000000000000e28      0x120 gcc/main.o
                0x0000000000000e28                andar
 .text.verificacao
                0x0000000000000f48      0x164 gcc/main.o
                0x0000000000000f48                verificacao
 .text.ChangeState
                0x00000000000010ac      0x568 gcc/main.o
                0x00000000000010ac                ChangeState
 .text.main     0x0000000000001614       0xd8 gcc/main.o
                0x0000000000001614                main
 .text.Reset_Handler
                0x00000000000016ec       0x50 gcc/startup_efm32gg.o
                0x00000000000016ec                Reset_Handler
 .text._main    0x000000000000173c        0xc gcc/startup_efm32gg.o
                0x000000000000173c                _main
 .text.Default_Handler
                0x0000000000001748        0x6 gcc/startup_efm32gg.o
                0x0000000000001748                TIMER2_IRQHandler
                0x0000000000001748                DebugMon_Handler
                0x0000000000001748                USART0_TX_IRQHandler
                0x0000000000001748                I2C0_IRQHandler
                0x0000000000001748                HardFault_Handler
                0x0000000000001748                LEUART1_IRQHandler
                0x0000000000001748                USART1_RX_IRQHandler
                0x0000000000001748                PendSV_Handler
                0x0000000000001748                NMI_Handler
                0x0000000000001748                I2C1_IRQHandler
                0x0000000000001748                TIMER3_IRQHandler
                0x0000000000001748                USART1_TX_IRQHandler
                0x0000000000001748                MSC_IRQHandler
                0x0000000000001748                UsageFault_Handler
                0x0000000000001748                LEUART0_IRQHandler
                0x0000000000001748                GPIO_EVEN_IRQHandler
                0x0000000000001748                UART1_TX_IRQHandler
                0x0000000000001748                RTC_IRQHandler
                0x0000000000001748                TIMER0_IRQHandler
                0x0000000000001748                LCD_IRQHandler
                0x0000000000001748                PCNT2_IRQHandler
                0x0000000000001748                LETIMER0_IRQHandler
                0x0000000000001748                TIMER1_IRQHandler
                0x0000000000001748                USART2_RX_IRQHandler
                0x0000000000001748                Default_Handler
                0x0000000000001748                EMU_IRQHandler
                0x0000000000001748                PCNT0_IRQHandler
                0x0000000000001748                USB_IRQHandler
                0x0000000000001748                BURTC_IRQHandler
                0x0000000000001748                PCNT1_IRQHandler
                0x0000000000001748                ACMP0_IRQHandler
                0x0000000000001748                USART0_RX_IRQHandler
                0x0000000000001748                MemManage_Handler
                0x0000000000001748                SVC_Handler
                0x0000000000001748                DAC0_IRQHandler
                0x0000000000001748                UART1_RX_IRQHandler
                0x0000000000001748                CMU_IRQHandler
                0x0000000000001748                EBI_IRQHandler
                0x0000000000001748                LESENSE_IRQHandler
                0x0000000000001748                GPIO_ODD_IRQHandler
                0x0000000000001748                AES_IRQHandler
                0x0000000000001748                VCMP_IRQHandler
                0x0000000000001748                DMA_IRQHandler
                0x0000000000001748                BusFault_Handler
                0x0000000000001748                USART2_TX_IRQHandler
 *fill*         0x000000000000174e        0x2 
 .text.SetLFAClock
                0x0000000000001750      0x1c0 gcc/lcd.o
                0x0000000000001750                SetLFAClock
 .text.LCD_SetClock
                0x0000000000001910       0x64 gcc/lcd.o
                0x0000000000001910                LCD_SetClock
 .text.LCD_Init
                0x0000000000001974       0x1a gcc/lcd.o
                0x0000000000001974                LCD_Init
 *fill*         0x000000000000198e        0x2 
 .text.LCD_Config
                0x0000000000001990      0x12c gcc/lcd.o
                0x0000000000001990                LCD_Config
 .text.LCD_WriteChar
                0x0000000000001abc      0x23c gcc/lcd.o
                0x0000000000001abc                LCD_WriteChar
 .text.LCD_WriteString
                0x0000000000001cf8       0x4e gcc/lcd.o
                0x0000000000001cf8                LCD_WriteString
 *fill*         0x0000000000001d46        0x2 
 .text.LCD_ClearAll
                0x0000000000001d48       0x60 gcc/lcd.o
                0x0000000000001d48                LCD_ClearAll
 .text.LCD_SetAll
                0x0000000000001da8       0x64 gcc/lcd.o
                0x0000000000001da8                LCD_SetAll
 .text.ln2      0x0000000000001e0c       0x32 gcc/lcd.o
 *fill*         0x0000000000001e3e        0x2 
 .text.LCD_SetVoltage
                0x0000000000001e40       0xbc gcc/lcd.o
                0x0000000000001e40                LCD_SetVoltage
 .text.LCD_SetContrast
                0x0000000000001efc       0x48 gcc/lcd.o
                0x0000000000001efc                LCD_SetContrast
 .text.UART0_RX_IRQHandler
                0x0000000000001f44       0x38 gcc/uart.o
                0x0000000000001f44                UART0_RX_IRQHandler
 .text.UART0_TX_IRQHandler
                0x0000000000001f7c       0x54 gcc/uart.o
                0x0000000000001f7c                UART0_TX_IRQHandler
 .text.LED_Toggle
                0x0000000000001fd0       0x24 gcc/led.o
                0x0000000000001fd0                LED_Toggle
 .text.GPIO_ConfigPins
                0x0000000000001ff4       0xb0 gcc/gpio.o
                0x0000000000001ff4                GPIO_ConfigPins
 .text.GPIO_Init
                0x00000000000020a4       0x48 gcc/gpio.o
                0x00000000000020a4                GPIO_Init
 .text.GetProdRev
                0x00000000000020ec       0x18 gcc/system_efm32gg.o
 .text.SystemCoreClockGet
                0x0000000000002104       0x34 gcc/system_efm32gg.o
                0x0000000000002104                SystemCoreClockGet
 .text.SystemHFClockGet
                0x0000000000002138      0x118 gcc/system_efm32gg.o
                0x0000000000002138                SystemHFClockGet
 .text.SystemInit
                0x0000000000002250        0xc gcc/system_efm32gg.o
                0x0000000000002250                SystemInit
 .text.GetCalibrationValues
                0x000000000000225c       0xe0 gcc/adc.o
 .text.ADC0_IRQHandler
                0x000000000000233c        0xc gcc/adc.o
                0x000000000000233c                ADC0_IRQHandler
 .text.ADC_Init
                0x0000000000002348      0x11c gcc/adc.o
                0x0000000000002348                ADC_Init
 .text.ADC_ConfigChannel
                0x0000000000002464       0xd4 gcc/adc.o
                0x0000000000002464                ADC_ConfigChannel
 .text.ADC_Read
                0x0000000000002538       0x1e gcc/adc.o
                0x0000000000002538                ADC_Read
 *fill*         0x0000000000002556        0x2 
 .text.ADC_StartReading
                0x0000000000002558       0x58 gcc/adc.o
                0x0000000000002558                ADC_StartReading
 .text.ADC_GetReading
                0x00000000000025b0       0x38 gcc/adc.o
                0x00000000000025b0                ADC_GetReading
 .text.__itoa   0x00000000000025e8       0x30 /home/joana/gcc-arm-none-eabi-10.3-2021.10/bin/../lib/gcc/arm-none-eabi/10.3.1/../../../../arm-none-eabi/lib/thumb/v7-m/nofp/libg_nano.a(lib_a-itoa.o)
                0x00000000000025e8                __itoa
 .text.itoa     0x0000000000002618        0x4 /home/joana/gcc-arm-none-eabi-10.3-2021.10/bin/../lib/gcc/arm-none-eabi/10.3.1/../../../../arm-none-eabi/lib/thumb/v7-m/nofp/libg_nano.a(lib_a-itoa.o)
                0x0000000000002618                itoa
 .text.memset   0x000000000000261c       0x10 /home/joana/gcc-arm-none-eabi-10.3-2021.10/bin/../lib/gcc/arm-none-eabi/10.3.1/../../../../arm-none-eabi/lib/thumb/v7-m/nofp/libg_nano.a(lib_a-memset.o)
                0x000000000000261c                memset
 .text          0x000000000000262c       0x10 /home/joana/gcc-arm-none-eabi-10.3-2021.10/bin/../lib/gcc/arm-none-eabi/10.3.1/../../../../arm-none-eabi/lib/thumb/v7-m/nofp/libg_nano.a(lib_a-strlen.o)
                0x000000000000262c                strlen
 .text.__utoa   0x000000000000263c       0x84 /home/joana/gcc-arm-none-eabi-10.3-2021.10/bin/../lib/gcc/arm-none-eabi/10.3.1/../../../../arm-none-eabi/lib/thumb/v7-m/nofp/libg_nano.a(lib_a-utoa.o)
                0x000000000000263c                __utoa
 *(.init)
 *(.fini)
 *crtbegin.o(.ctors)
 *crtbegin?.o(.ctors)
 *(EXCLUDE_FILE(*crtend.o *crtend?.o) .ctors)
 *(SORT_BY_NAME(.ctors.*))
 *(.ctors)
 *crtbegin.o(.dtors)
 *crtbegin?.o(.dtors)
 *(EXCLUDE_FILE(*crtend.o *crtend?.o) .dtors)
 *(SORT_BY_NAME(.dtors.*))
 *(.dtors)
 *(.rodata*)
 .rodata.timerpins
                0x00000000000026c0       0xb4 gcc/pwm.o
 .rodata        0x0000000000002774       0x68 gcc/main.o
 .rodata.segments14forchar
                0x00000000000027dc       0xc0 gcc/lcd.o
 .rodata.segments7forchar
                0x000000000000289c       0x60 gcc/lcd.o
 .rodata.tablcd
                0x00000000000028fc      0x1c2 gcc/lcd.o
 *fill*         0x0000000000002abe        0x2 
 .rodata.seg_encoding
                0x0000000000002ac0       0xa0 gcc/lcd.o
 .rodata.com_encoding
                0x0000000000002b60        0x8 gcc/lcd.o
 .rodata.tablcdclear
                0x0000000000002b68      0x3c0 gcc/lcd.o
 .rodata.segdatalow
                0x0000000000002f28       0x20 gcc/lcd.o
                0x0000000000002f28                segdatalow
 .rodata.segdatahigh
                0x0000000000002f48       0x20 gcc/lcd.o
                0x0000000000002f48                segdatahigh
 .rodata.default_singlectrl
                0x0000000000002f68       0x54 gcc/adc.o
 .rodata.__utoa.str1.1
                0x0000000000002fbc       0x25 /home/joana/gcc-arm-none-eabi-10.3-2021.10/bin/../lib/gcc/arm-none-eabi/10.3.1/../../../../arm-none-eabi/lib/thumb/v7-m/nofp/libg_nano.a(lib_a-utoa.o)
 *(.eh_frame*)

.glue_7         0x0000000000002fe4        0x0
 .glue_7        0x0000000000002fe4        0x0 linker stubs

.glue_7t        0x0000000000002fe4        0x0
 .glue_7t       0x0000000000002fe4        0x0 linker stubs

.vfp11_veneer   0x0000000000002fe4        0x0
 .vfp11_veneer  0x0000000000002fe4        0x0 linker stubs

.v4_bx          0x0000000000002fe4        0x0
 .v4_bx         0x0000000000002fe4        0x0 linker stubs

.iplt           0x0000000000002fe4        0x0
 .iplt          0x0000000000002fe4        0x0 gcc/pwm.o

.rel.dyn        0x0000000000002fe4        0x0
 .rel.iplt      0x0000000000002fe4        0x0 gcc/pwm.o

.ARM.extab
 *(.ARM.extab* .gnu.linkonce.armextab.*)
                0x0000000000002fe1                __exidx_start = .

.ARM.exidx
 *(.ARM.exidx* .gnu.linkonce.armexidx.*)
                0x0000000000002fe1                __exidx_end = .
                0x0000000000002fe1                __etext = .

.data           0x0000000020000000       0x48 load address 0x0000000000002fe1
                0x0000000020000000                __data_start__ = .
 *(vtable)
 *(.data*)
 .data.statusDistancia
                0x0000000020000000       0x40 gcc/main.o
                0x0000000020000000                statusDistancia
 .data.SystemHFXOClock
                0x0000000020000040        0x4 gcc/system_efm32gg.o
 .data.SystemLFXOClock
                0x0000000020000044        0x4 gcc/system_efm32gg.o
                0x0000000020000048                . = ALIGN (0x4)
 *(.ram)
                0x0000000020000048                . = ALIGN (0x4)
                [!provide]                        PROVIDE (__preinit_array_start = .)
 *(.preinit_array)
                [!provide]                        PROVIDE (__preinit_array_end = .)
                0x0000000020000048                . = ALIGN (0x4)
                [!provide]                        PROVIDE (__init_array_start = .)
 *(SORT_BY_NAME(.init_array.*))
 *(.init_array)
                [!provide]                        PROVIDE (__init_array_end = .)
                0x0000000020000048                . = ALIGN (0x4)
                [!provide]                        PROVIDE (__fini_array_start = .)
 *(SORT_BY_NAME(.fini_array.*))
 *(.fini_array)
                [!provide]                        PROVIDE (__fini_array_end = .)
 *(.jcr*)
                0x0000000020000048                . = ALIGN (0x4)
                0x0000000020000048                __data_end__ = .

.igot.plt       0x0000000020000048        0x0 load address 0x000000000000302c
 .igot.plt      0x0000000020000048        0x0 gcc/pwm.o

.bss            0x0000000020000048      0x198 load address 0x000000000000302c
                0x0000000020000048                . = ALIGN (0x4)
                0x0000000020000048                __bss_start__ = .
 *(.bss*)
 .bss.callbacks
                0x0000000020000048       0x78 gcc/clock_efm32gg2.o
 .bss.state     0x00000000200000c0        0x4 gcc/main.o
                0x00000000200000c0                state
 .bss.valor_adc0
                0x00000000200000c4        0x4 gcc/main.o
                0x00000000200000c4                valor_adc0
 .bss.valor_adc1
                0x00000000200000c8        0x4 gcc/main.o
                0x00000000200000c8                valor_adc1
 .bss.valor_adc2
                0x00000000200000cc        0x4 gcc/main.o
                0x00000000200000cc                valor_adc2
 .bss.adc0      0x00000000200000d0       0x32 gcc/main.o
                0x00000000200000d0                adc0
 *fill*         0x0000000020000102        0x2 
 .bss.adc1      0x0000000020000104       0x32 gcc/main.o
                0x0000000020000104                adc1
 *fill*         0x0000000020000136        0x2 
 .bss.ticks     0x0000000020000138        0x4 gcc/main.o
 .bss.contaStatus
                0x000000002000013c        0x4 gcc/main.o
                0x000000002000013c                contaStatus
 .bss.checaCruzamento
                0x0000000020000140        0x4 gcc/main.o
                0x0000000020000140                checaCruzamento
 .bss.segundaVolta
                0x0000000020000144        0x4 gcc/main.o
                0x0000000020000144                segundaVolta
 .bss.counter.0
                0x0000000020000148        0x4 gcc/main.o
 .bss.lcdclock_set
                0x000000002000014c        0x1 gcc/lcd.o
 *fill*         0x000000002000014d        0x3 
 .bss.inputbuffer
                0x0000000020000150        0x4 gcc/uart.o
                0x0000000020000150                inputbuffer
 .bss.outputbuffer
                0x0000000020000154        0x4 gcc/uart.o
                0x0000000020000154                outputbuffer
 .bss.SystemCoreClock
                0x0000000020000158        0x4 gcc/system_efm32gg.o
                0x0000000020000158                SystemCoreClock
 .bss.singlectrl
                0x000000002000015c       0x54 gcc/adc.o
 .bss.adc_cal   0x00000000200001b0        0x4 gcc/adc.o
 .bss.adc_bias  0x00000000200001b4        0x4 gcc/adc.o
 .bss.cal_gain_1v25
                0x00000000200001b8        0x4 gcc/adc.o
 .bss.cal_offset_1v25
                0x00000000200001bc        0x4 gcc/adc.o
 .bss.cal_gain_2v5
                0x00000000200001c0        0x4 gcc/adc.o
 .bss.cal_offset_2v5
                0x00000000200001c4        0x4 gcc/adc.o
 .bss.cal_gain_vdd
                0x00000000200001c8        0x4 gcc/adc.o
 .bss.cal_offset_vdd
                0x00000000200001cc        0x4 gcc/adc.o
 .bss.cal_gain_5v
                0x00000000200001d0        0x4 gcc/adc.o
 .bss.cal_offset_5v
                0x00000000200001d4        0x4 gcc/adc.o
 .bss.cal_gain_2xvdd
                0x00000000200001d8        0x4 gcc/adc.o
 .bss.cal_offset_2xvdd
                0x00000000200001dc        0x4 gcc/adc.o
 *(COMMON)
                0x00000000200001e0                . = ALIGN (0x4)
                0x00000000200001e0                __bss_end__ = .

.heap           0x00000000200001e0      0xc00
                0x00000000200001e0                __HeapBase = .
                0x00000000200001e0                __end__ = .
                0x00000000200001e0                end = __end__
                0x00000000200001e0                _end = __end__
 *(.heap*)
 .heap          0x00000000200001e0      0xc00 gcc/startup_efm32gg.o
                0x0000000020000de0                __HeapLimit = .

.stack_dummy    0x0000000020000de0      0x400
 *(.stack*)
 .stack         0x0000000020000de0      0x400 gcc/startup_efm32gg.o
                0x0000000020020000                __StackTop = (ORIGIN (RAM) + LENGTH (RAM))
                0x000000002001fc00                __StackLimit = (__StackTop - SIZEOF (.stack_dummy))
                [!provide]                        PROVIDE (__stack = __StackTop)
                0x0000000000000001                ASSERT ((__StackLimit >= __HeapLimit), region RAM overflowed with stack)
                0x0000000000000001                ASSERT ((LENGTH (FLASH) >= (__etext + SIZEOF (.data))), FLASH memory overflowed !)
OUTPUT(gcc/blink2.axf elf32-littlearm)
LOAD linker stubs

.debug_info     0x0000000000000000     0x5c27
 .debug_info    0x0000000000000000      0xaaa gcc/pwm.o
 .debug_info    0x0000000000000aaa      0x1a8 gcc/buffer.o
 .debug_info    0x0000000000000c52      0xac9 gcc/clock_efm32gg2.o
 .debug_info    0x000000000000171b      0xd9c gcc/main.o
 .debug_info    0x00000000000024b7      0x1f9 gcc/startup_efm32gg.o
 .debug_info    0x00000000000026b0      0xe28 gcc/lcd.o
 .debug_info    0x00000000000034d8      0xdef gcc/uart.o
 .debug_info    0x00000000000042c7      0x50e gcc/led.o
 .debug_info    0x00000000000047d5      0x680 gcc/gpio.o
 .debug_info    0x0000000000004e55      0x504 gcc/system_efm32gg.o
 .debug_info    0x0000000000005359      0x8ce gcc/adc.o

.debug_abbrev   0x0000000000000000     0x12df
 .debug_abbrev  0x0000000000000000      0x1d4 gcc/pwm.o
 .debug_abbrev  0x00000000000001d4       0xd7 gcc/buffer.o
 .debug_abbrev  0x00000000000002ab      0x220 gcc/clock_efm32gg2.o
 .debug_abbrev  0x00000000000004cb      0x2c3 gcc/main.o
 .debug_abbrev  0x000000000000078e       0xfb gcc/startup_efm32gg.o
 .debug_abbrev  0x0000000000000889      0x1f0 gcc/lcd.o
 .debug_abbrev  0x0000000000000a79      0x2d1 gcc/uart.o
 .debug_abbrev  0x0000000000000d4a      0x12d gcc/led.o
 .debug_abbrev  0x0000000000000e77      0x12d gcc/gpio.o
 .debug_abbrev  0x0000000000000fa4      0x185 gcc/system_efm32gg.o
 .debug_abbrev  0x0000000000001129      0x1b6 gcc/adc.o

.debug_aranges  0x0000000000000000      0x428
 .debug_aranges
                0x0000000000000000       0x60 gcc/pwm.o
 .debug_aranges
                0x0000000000000060       0x40 gcc/buffer.o
 .debug_aranges
                0x00000000000000a0       0x88 gcc/clock_efm32gg2.o
 .debug_aranges
                0x0000000000000128       0x58 gcc/main.o
 .debug_aranges
                0x0000000000000180       0x38 gcc/startup_efm32gg.o
 .debug_aranges
                0x00000000000001b8       0xb0 gcc/lcd.o
 .debug_aranges
                0x0000000000000268       0x98 gcc/uart.o
 .debug_aranges
                0x0000000000000300       0x40 gcc/led.o
 .debug_aranges
                0x0000000000000340       0x28 gcc/gpio.o
 .debug_aranges
                0x0000000000000368       0x70 gcc/system_efm32gg.o
 .debug_aranges
                0x00000000000003d8       0x50 gcc/adc.o

.debug_ranges   0x0000000000000000      0x378
 .debug_ranges  0x0000000000000000       0x50 gcc/pwm.o
 .debug_ranges  0x0000000000000050       0x30 gcc/buffer.o
 .debug_ranges  0x0000000000000080       0x78 gcc/clock_efm32gg2.o
 .debug_ranges  0x00000000000000f8       0x48 gcc/main.o
 .debug_ranges  0x0000000000000140       0x28 gcc/startup_efm32gg.o
 .debug_ranges  0x0000000000000168       0xa0 gcc/lcd.o
 .debug_ranges  0x0000000000000208       0x88 gcc/uart.o
 .debug_ranges  0x0000000000000290       0x30 gcc/led.o
 .debug_ranges  0x00000000000002c0       0x18 gcc/gpio.o
 .debug_ranges  0x00000000000002d8       0x60 gcc/system_efm32gg.o
 .debug_ranges  0x0000000000000338       0x40 gcc/adc.o

.debug_line     0x0000000000000000     0x2f4d
 .debug_line    0x0000000000000000      0x40a gcc/pwm.o
 .debug_line    0x000000000000040a      0x12b gcc/buffer.o
 .debug_line    0x0000000000000535      0x872 gcc/clock_efm32gg2.o
 .debug_line    0x0000000000000da7      0x721 gcc/main.o
 .debug_line    0x00000000000014c8       0xf0 gcc/startup_efm32gg.o
 .debug_line    0x00000000000015b8      0x93f gcc/lcd.o
 .debug_line    0x0000000000001ef7      0x5ae gcc/uart.o
 .debug_line    0x00000000000024a5      0x1ee gcc/led.o
 .debug_line    0x0000000000002693      0x1f5 gcc/gpio.o
 .debug_line    0x0000000000002888      0x2fb gcc/system_efm32gg.o
 .debug_line    0x0000000000002b83      0x3ca gcc/adc.o

.debug_str      0x0000000000000000     0x1a07
 .debug_str     0x0000000000000000      0x5a4 gcc/pwm.o
                                        0x606 (size before relaxing)
 .debug_str     0x00000000000005a4       0x73 gcc/buffer.o
                                        0x132 (size before relaxing)
 .debug_str     0x0000000000000617      0x45e gcc/clock_efm32gg2.o
                                        0x6d7 (size before relaxing)
 .debug_str     0x0000000000000a75      0x409 gcc/main.o
                                        0x952 (size before relaxing)
 .debug_str     0x0000000000000e7e      0x1fd gcc/startup_efm32gg.o
                                        0x292 (size before relaxing)
 .debug_str     0x000000000000107b      0x493 gcc/lcd.o
                                        0x72a (size before relaxing)
 .debug_str     0x000000000000150e      0x1f4 gcc/uart.o
                                        0x860 (size before relaxing)
 .debug_str     0x0000000000001702       0x38 gcc/led.o
                                        0x326 (size before relaxing)
 .debug_str     0x000000000000173a       0x3f gcc/gpio.o
                                        0x4df (size before relaxing)
 .debug_str     0x0000000000001779       0xe0 gcc/system_efm32gg.o
                                        0x404 (size before relaxing)
 .debug_str     0x0000000000001859      0x1ae gcc/adc.o
                                        0x54b (size before relaxing)

.comment        0x0000000000000000       0xa2
 .comment       0x0000000000000000       0x49 gcc/pwm.o
                                         0x4a (size before relaxing)
 .comment       0x0000000000000049       0x4a gcc/buffer.o
 .comment       0x0000000000000049       0x4a gcc/clock_efm32gg2.o
 .comment       0x0000000000000049       0x4a gcc/main.o
 .comment       0x0000000000000049       0x59 gcc/startup_efm32gg.o
                                         0x5a (size before relaxing)
 .comment       0x00000000000000a2       0x4a gcc/lcd.o
 .comment       0x00000000000000a2       0x4a gcc/uart.o
 .comment       0x00000000000000a2       0x4a gcc/led.o
 .comment       0x00000000000000a2       0x4a gcc/gpio.o
 .comment       0x00000000000000a2       0x4a gcc/system_efm32gg.o
 .comment       0x00000000000000a2       0x4a gcc/adc.o

.ARM.attributes
                0x0000000000000000       0x2b
 .ARM.attributes
                0x0000000000000000       0x2d gcc/pwm.o
 .ARM.attributes
                0x000000000000002d       0x2d gcc/buffer.o
 .ARM.attributes
                0x000000000000005a       0x2d gcc/clock_efm32gg2.o
 .ARM.attributes
                0x0000000000000087       0x2d gcc/main.o
 .ARM.attributes
                0x00000000000000b4       0x2d gcc/startup_efm32gg.o
 .ARM.attributes
                0x00000000000000e1       0x2d gcc/lcd.o
 .ARM.attributes
                0x000000000000010e       0x2d gcc/uart.o
 .ARM.attributes
                0x000000000000013b       0x2d gcc/led.o
 .ARM.attributes
                0x0000000000000168       0x2d gcc/gpio.o
 .ARM.attributes
                0x0000000000000195       0x2d gcc/system_efm32gg.o
 .ARM.attributes
                0x00000000000001c2       0x2d gcc/adc.o
 .ARM.attributes
                0x00000000000001ef       0x2d /home/joana/gcc-arm-none-eabi-10.3-2021.10/bin/../lib/gcc/arm-none-eabi/10.3.1/../../../../arm-none-eabi/lib/thumb/v7-m/nofp/libg_nano.a(lib_a-itoa.o)
 .ARM.attributes
                0x000000000000021c       0x2d /home/joana/gcc-arm-none-eabi-10.3-2021.10/bin/../lib/gcc/arm-none-eabi/10.3.1/../../../../arm-none-eabi/lib/thumb/v7-m/nofp/libg_nano.a(lib_a-memset.o)
 .ARM.attributes
                0x0000000000000249       0x17 /home/joana/gcc-arm-none-eabi-10.3-2021.10/bin/../lib/gcc/arm-none-eabi/10.3.1/../../../../arm-none-eabi/lib/thumb/v7-m/nofp/libg_nano.a(lib_a-strlen.o)
 .ARM.attributes
                0x0000000000000260       0x2d /home/joana/gcc-arm-none-eabi-10.3-2021.10/bin/../lib/gcc/arm-none-eabi/10.3.1/../../../../arm-none-eabi/lib/thumb/v7-m/nofp/libg_nano.a(lib_a-utoa.o)

.debug_frame    0x0000000000000000      0xf9c
 .debug_frame   0x0000000000000000      0x174 gcc/pwm.o
 .debug_frame   0x0000000000000174       0xd8 gcc/buffer.o
 .debug_frame   0x000000000000024c      0x20c gcc/clock_efm32gg2.o
 .debug_frame   0x0000000000000458      0x128 gcc/main.o
 .debug_frame   0x0000000000000580       0x78 gcc/startup_efm32gg.o
 .debug_frame   0x00000000000005f8      0x2d8 gcc/lcd.o
 .debug_frame   0x00000000000008d0      0x264 gcc/uart.o
 .debug_frame   0x0000000000000b34       0xd4 gcc/led.o
 .debug_frame   0x0000000000000c08       0x5c gcc/gpio.o
 .debug_frame   0x0000000000000c64      0x180 gcc/system_efm32gg.o
 .debug_frame   0x0000000000000de4      0x118 gcc/adc.o
 .debug_frame   0x0000000000000efc       0x38 /home/joana/gcc-arm-none-eabi-10.3-2021.10/bin/../lib/gcc/arm-none-eabi/10.3.1/../../../../arm-none-eabi/lib/thumb/v7-m/nofp/libg_nano.a(lib_a-itoa.o)
 .debug_frame   0x0000000000000f34       0x20 /home/joana/gcc-arm-none-eabi-10.3-2021.10/bin/../lib/gcc/arm-none-eabi/10.3.1/../../../../arm-none-eabi/lib/thumb/v7-m/nofp/libg_nano.a(lib_a-memset.o)
 .debug_frame   0x0000000000000f54       0x48 /home/joana/gcc-arm-none-eabi-10.3-2021.10/bin/../lib/gcc/arm-none-eabi/10.3.1/../../../../arm-none-eabi/lib/thumb/v7-m/nofp/libg_nano.a(lib_a-utoa.o)
